Archive member included to satisfy reference by file (symbol)

/mnt/c/Users/thato/Desktop/projects/OS/splongleOS/toolchain/i686-elf/bin/../lib/gcc/i686-elf/15.1.0/libgcc.a(_udivdi3.o)
                              /mnt/c/Users/thato/Desktop/projects/OS/splongleOS/build/kernel/c/stdio.obj (__udivdi3)
/mnt/c/Users/thato/Desktop/projects/OS/splongleOS/toolchain/i686-elf/bin/../lib/gcc/i686-elf/15.1.0/libgcc.a(_umoddi3.o)
                              /mnt/c/Users/thato/Desktop/projects/OS/splongleOS/build/kernel/c/stdio.obj (__umoddi3)

There are no discarded input sections

Memory Configuration

Name             Origin             Length             Attributes
*default*        0x00000000         0xffffffff

Linker script and memory map

LOAD /mnt/c/Users/thato/Desktop/projects/OS/splongleOS/build/kernel/asm/multiboot_header.obj
LOAD /mnt/c/Users/thato/Desktop/projects/OS/splongleOS/build/kernel/asm/arch/i686/gdt.obj
LOAD /mnt/c/Users/thato/Desktop/projects/OS/splongleOS/build/kernel/asm/arch/i686/idt.obj
LOAD /mnt/c/Users/thato/Desktop/projects/OS/splongleOS/build/kernel/asm/arch/i686/io.obj
LOAD /mnt/c/Users/thato/Desktop/projects/OS/splongleOS/build/kernel/asm/arch/i686/isr.obj
LOAD /mnt/c/Users/thato/Desktop/projects/OS/splongleOS/build/kernel/c/main.obj
LOAD /mnt/c/Users/thato/Desktop/projects/OS/splongleOS/build/kernel/c/memory.obj
LOAD /mnt/c/Users/thato/Desktop/projects/OS/splongleOS/build/kernel/c/stdio.obj
LOAD /mnt/c/Users/thato/Desktop/projects/OS/splongleOS/build/kernel/c/hal/hal.obj
LOAD /mnt/c/Users/thato/Desktop/projects/OS/splongleOS/build/kernel/c/arch/i686/gdt.obj
LOAD /mnt/c/Users/thato/Desktop/projects/OS/splongleOS/build/kernel/c/arch/i686/idt.obj
LOAD /mnt/c/Users/thato/Desktop/projects/OS/splongleOS/build/kernel/c/arch/i686/isr.obj
LOAD /mnt/c/Users/thato/Desktop/projects/OS/splongleOS/build/kernel/c/arch/i686/isrs_gen.obj
LOAD /mnt/c/Users/thato/Desktop/projects/OS/splongleOS/toolchain/i686-elf/bin/../lib/gcc/i686-elf/15.1.0/libgcc.a
                0x00100000                        phys = 0x100000
                0x00100000                        . = phys

.entry          0x00100000       0x49
                0x00100000                        __entry_start = .
 *(.entry)
 .entry         0x00100000       0x49 /mnt/c/Users/thato/Desktop/projects/OS/splongleOS/build/kernel/c/main.obj
                0x00100000                start

.text           0x00100050     0x2d76
                0x00100050                        __text_start = .
 *(.text)
 .text          0x00100050       0x25 /mnt/c/Users/thato/Desktop/projects/OS/splongleOS/build/kernel/asm/arch/i686/gdt.obj
                0x00100050                i686_GDT_load
 *fill*         0x00100075        0xb 
 .text          0x00100080        0xd /mnt/c/Users/thato/Desktop/projects/OS/splongleOS/build/kernel/asm/arch/i686/idt.obj
                0x00100080                i686_IDT_Load
 *fill*         0x0010008d        0x3 
 .text          0x00100090       0x28 /mnt/c/Users/thato/Desktop/projects/OS/splongleOS/build/kernel/asm/arch/i686/io.obj
                0x00100090                x86_outb
                0x0010009b                x86_inb
                0x001000a4                i686_panic
                0x001000a6                crash_me
 *fill*         0x001000b8        0x8 
 .text          0x001000c0      0xa69 /mnt/c/Users/thato/Desktop/projects/OS/splongleOS/build/kernel/asm/arch/i686/isr.obj
                0x001000c0                i686_ISR0
                0x001000c9                i686_ISR1
                0x001000d2                i686_ISR2
                0x001000db                i686_ISR3
                0x001000e4                i686_ISR4
                0x001000ed                i686_ISR5
                0x001000f6                i686_ISR6
                0x001000ff                i686_ISR7
                0x00100108                i686_ISR8
                0x0010010f                i686_ISR9
                0x00100118                i686_ISR10
                0x0010011f                i686_ISR11
                0x00100126                i686_ISR12
                0x0010012d                i686_ISR13
                0x00100134                i686_ISR14
                0x0010013b                i686_ISR15
                0x00100144                i686_ISR16
                0x0010014d                i686_ISR17
                0x00100154                i686_ISR18
                0x0010015d                i686_ISR19
                0x00100166                i686_ISR20
                0x0010016f                i686_ISR21
                0x00100176                i686_ISR22
                0x0010017f                i686_ISR23
                0x00100188                i686_ISR24
                0x00100191                i686_ISR25
                0x0010019a                i686_ISR26
                0x001001a3                i686_ISR27
                0x001001ac                i686_ISR28
                0x001001b5                i686_ISR29
                0x001001bc                i686_ISR30
                0x001001c3                i686_ISR31
                0x001001cc                i686_ISR32
                0x001001d5                i686_ISR33
                0x001001de                i686_ISR34
                0x001001e7                i686_ISR35
                0x001001f0                i686_ISR36
                0x001001f9                i686_ISR37
                0x00100202                i686_ISR38
                0x0010020b                i686_ISR39
                0x00100214                i686_ISR40
                0x0010021d                i686_ISR41
                0x00100226                i686_ISR42
                0x0010022f                i686_ISR43
                0x00100238                i686_ISR44
                0x00100241                i686_ISR45
                0x0010024a                i686_ISR46
                0x00100253                i686_ISR47
                0x0010025c                i686_ISR48
                0x00100265                i686_ISR49
                0x0010026e                i686_ISR50
                0x00100277                i686_ISR51
                0x00100280                i686_ISR52
                0x00100289                i686_ISR53
                0x00100292                i686_ISR54
                0x0010029b                i686_ISR55
                0x001002a4                i686_ISR56
                0x001002ad                i686_ISR57
                0x001002b6                i686_ISR58
                0x001002bf                i686_ISR59
                0x001002c8                i686_ISR60
                0x001002d1                i686_ISR61
                0x001002da                i686_ISR62
                0x001002e3                i686_ISR63
                0x001002ec                i686_ISR64
                0x001002f5                i686_ISR65
                0x001002fe                i686_ISR66
                0x00100307                i686_ISR67
                0x00100310                i686_ISR68
                0x00100319                i686_ISR69
                0x00100322                i686_ISR70
                0x0010032b                i686_ISR71
                0x00100334                i686_ISR72
                0x0010033d                i686_ISR73
                0x00100346                i686_ISR74
                0x0010034f                i686_ISR75
                0x00100358                i686_ISR76
                0x00100361                i686_ISR77
                0x0010036a                i686_ISR78
                0x00100373                i686_ISR79
                0x0010037c                i686_ISR80
                0x00100385                i686_ISR81
                0x0010038e                i686_ISR82
                0x00100397                i686_ISR83
                0x001003a0                i686_ISR84
                0x001003a9                i686_ISR85
                0x001003b2                i686_ISR86
                0x001003bb                i686_ISR87
                0x001003c4                i686_ISR88
                0x001003cd                i686_ISR89
                0x001003d6                i686_ISR90
                0x001003df                i686_ISR91
                0x001003e8                i686_ISR92
                0x001003f1                i686_ISR93
                0x001003fa                i686_ISR94
                0x00100403                i686_ISR95
                0x0010040c                i686_ISR96
                0x00100415                i686_ISR97
                0x0010041e                i686_ISR98
                0x00100427                i686_ISR99
                0x00100430                i686_ISR100
                0x00100439                i686_ISR101
                0x00100442                i686_ISR102
                0x0010044b                i686_ISR103
                0x00100454                i686_ISR104
                0x0010045d                i686_ISR105
                0x00100466                i686_ISR106
                0x0010046f                i686_ISR107
                0x00100478                i686_ISR108
                0x00100481                i686_ISR109
                0x0010048a                i686_ISR110
                0x00100493                i686_ISR111
                0x0010049c                i686_ISR112
                0x001004a5                i686_ISR113
                0x001004ae                i686_ISR114
                0x001004b7                i686_ISR115
                0x001004c0                i686_ISR116
                0x001004c9                i686_ISR117
                0x001004d2                i686_ISR118
                0x001004db                i686_ISR119
                0x001004e4                i686_ISR120
                0x001004ed                i686_ISR121
                0x001004f6                i686_ISR122
                0x001004ff                i686_ISR123
                0x00100508                i686_ISR124
                0x00100511                i686_ISR125
                0x0010051a                i686_ISR126
                0x00100523                i686_ISR127
                0x0010052c                i686_ISR128
                0x00100538                i686_ISR129
                0x00100544                i686_ISR130
                0x00100550                i686_ISR131
                0x0010055c                i686_ISR132
                0x00100568                i686_ISR133
                0x00100574                i686_ISR134
                0x00100580                i686_ISR135
                0x0010058c                i686_ISR136
                0x00100598                i686_ISR137
                0x001005a4                i686_ISR138
                0x001005b0                i686_ISR139
                0x001005bc                i686_ISR140
                0x001005c8                i686_ISR141
                0x001005d4                i686_ISR142
                0x001005e0                i686_ISR143
                0x001005ec                i686_ISR144
                0x001005f8                i686_ISR145
                0x00100604                i686_ISR146
                0x00100610                i686_ISR147
                0x0010061c                i686_ISR148
                0x00100628                i686_ISR149
                0x00100634                i686_ISR150
                0x00100640                i686_ISR151
                0x0010064c                i686_ISR152
                0x00100658                i686_ISR153
                0x00100664                i686_ISR154
                0x00100670                i686_ISR155
                0x0010067c                i686_ISR156
                0x00100688                i686_ISR157
                0x00100694                i686_ISR158
                0x001006a0                i686_ISR159
                0x001006ac                i686_ISR160
                0x001006b8                i686_ISR161
                0x001006c4                i686_ISR162
                0x001006d0                i686_ISR163
                0x001006dc                i686_ISR164
                0x001006e8                i686_ISR165
                0x001006f4                i686_ISR166
                0x00100700                i686_ISR167
                0x0010070c                i686_ISR168
                0x00100718                i686_ISR169
                0x00100724                i686_ISR170
                0x00100730                i686_ISR171
                0x0010073c                i686_ISR172
                0x00100748                i686_ISR173
                0x00100754                i686_ISR174
                0x00100760                i686_ISR175
                0x0010076c                i686_ISR176
                0x00100778                i686_ISR177
                0x00100784                i686_ISR178
                0x00100790                i686_ISR179
                0x0010079c                i686_ISR180
                0x001007a8                i686_ISR181
                0x001007b4                i686_ISR182
                0x001007c0                i686_ISR183
                0x001007cc                i686_ISR184
                0x001007d8                i686_ISR185
                0x001007e4                i686_ISR186
                0x001007f0                i686_ISR187
                0x001007fc                i686_ISR188
                0x00100808                i686_ISR189
                0x00100814                i686_ISR190
                0x00100820                i686_ISR191
                0x0010082c                i686_ISR192
                0x00100838                i686_ISR193
                0x00100844                i686_ISR194
                0x00100850                i686_ISR195
                0x0010085c                i686_ISR196
                0x00100868                i686_ISR197
                0x00100874                i686_ISR198
                0x00100880                i686_ISR199
                0x0010088c                i686_ISR200
                0x00100898                i686_ISR201
                0x001008a4                i686_ISR202
                0x001008b0                i686_ISR203
                0x001008bc                i686_ISR204
                0x001008c8                i686_ISR205
                0x001008d4                i686_ISR206
                0x001008e0                i686_ISR207
                0x001008ec                i686_ISR208
                0x001008f8                i686_ISR209
                0x00100904                i686_ISR210
                0x00100910                i686_ISR211
                0x0010091c                i686_ISR212
                0x00100928                i686_ISR213
                0x00100934                i686_ISR214
                0x00100940                i686_ISR215
                0x0010094c                i686_ISR216
                0x00100958                i686_ISR217
                0x00100964                i686_ISR218
                0x00100970                i686_ISR219
                0x0010097c                i686_ISR220
                0x00100988                i686_ISR221
                0x00100994                i686_ISR222
                0x001009a0                i686_ISR223
                0x001009ac                i686_ISR224
                0x001009b8                i686_ISR225
                0x001009c4                i686_ISR226
                0x001009d0                i686_ISR227
                0x001009dc                i686_ISR228
                0x001009e8                i686_ISR229
                0x001009f4                i686_ISR230
                0x00100a00                i686_ISR231
                0x00100a0c                i686_ISR232
                0x00100a18                i686_ISR233
                0x00100a24                i686_ISR234
                0x00100a30                i686_ISR235
                0x00100a3c                i686_ISR236
                0x00100a48                i686_ISR237
                0x00100a54                i686_ISR238
                0x00100a60                i686_ISR239
                0x00100a6c                i686_ISR240
                0x00100a78                i686_ISR241
                0x00100a81                i686_ISR242
                0x00100a8a                i686_ISR243
                0x00100a93                i686_ISR244
                0x00100a9c                i686_ISR245
                0x00100aa5                i686_ISR246
                0x00100aae                i686_ISR247
                0x00100ab7                i686_ISR248
                0x00100ac0                i686_ISR249
                0x00100ac9                i686_ISR250
                0x00100ad2                i686_ISR251
                0x00100adb                i686_ISR252
                0x00100ae4                i686_ISR253
                0x00100aed                i686_ISR254
                0x00100af6                i686_ISR255
 .text          0x00100b29        0x0 /mnt/c/Users/thato/Desktop/projects/OS/splongleOS/build/kernel/c/main.obj
 .text          0x00100b29       0xe3 /mnt/c/Users/thato/Desktop/projects/OS/splongleOS/build/kernel/c/memory.obj
                0x00100b29                memcpy
                0x00100b75                memset
                0x00100bb2                memcmp
 .text          0x00100c0c      0x87e /mnt/c/Users/thato/Desktop/projects/OS/splongleOS/build/kernel/c/stdio.obj
                0x00100c0c                putchr
                0x00100c3b                putcolor
                0x00100c6d                getchr
                0x00100c8f                getcolor
                0x00100cb4                setcursor
                0x00100d25                clrscr
                0x00100db3                scrollback
                0x00100ea1                putc
                0x00100fb1                puts
                0x00100fe0                printk_unsigned
                0x00101084                printk_signed
                0x001010e1                printk
 .text          0x0010148a       0x18 /mnt/c/Users/thato/Desktop/projects/OS/splongleOS/build/kernel/c/hal/hal.obj
                0x0010148a                HAL_Init
 .text          0x001014a2       0x1d /mnt/c/Users/thato/Desktop/projects/OS/splongleOS/build/kernel/c/arch/i686/gdt.obj
                0x001014a2                i686_GDT_Initialize
 .text          0x001014bf       0xba /mnt/c/Users/thato/Desktop/projects/OS/splongleOS/build/kernel/c/arch/i686/idt.obj
                0x001014bf                i686_IDT_SetGate
                0x00101520                i686_IDT_EnableGate
                0x00101540                i686_IDT_DisableGate
                0x00101560                i686_IDT_Initialize
 .text          0x00101579      0x16e /mnt/c/Users/thato/Desktop/projects/OS/splongleOS/build/kernel/c/arch/i686/isr.obj
                0x00101579                i686_ISR_Initialize
                0x001015ac                i686_ISR_Handler
 .text          0x001016e7     0x1489 /mnt/c/Users/thato/Desktop/projects/OS/splongleOS/build/kernel/c/arch/i686/isrs_gen.obj
                0x001016e7                i686_ISR_InitializeGates
 .text          0x00102b70      0x11a /mnt/c/Users/thato/Desktop/projects/OS/splongleOS/toolchain/i686-elf/bin/../lib/gcc/i686-elf/15.1.0/libgcc.a(_udivdi3.o)
                0x00102b70                __udivdi3
 *fill*         0x00102c8a        0x6 
 .text          0x00102c90      0x136 /mnt/c/Users/thato/Desktop/projects/OS/splongleOS/toolchain/i686-elf/bin/../lib/gcc/i686-elf/15.1.0/libgcc.a(_umoddi3.o)
                0x00102c90                __umoddi3

.data           0x00102dc8       0x2a
                0x00102dc8                        __data_start = .
 *(.data)
 .data          0x00102dc8        0x0 /mnt/c/Users/thato/Desktop/projects/OS/splongleOS/build/kernel/c/main.obj
 .data          0x00102dc8        0x0 /mnt/c/Users/thato/Desktop/projects/OS/splongleOS/build/kernel/c/memory.obj
 .data          0x00102dc8        0x4 /mnt/c/Users/thato/Desktop/projects/OS/splongleOS/build/kernel/c/stdio.obj
                0x00102dc8                g_ScreenBuffer
 .data          0x00102dcc        0x0 /mnt/c/Users/thato/Desktop/projects/OS/splongleOS/build/kernel/c/hal/hal.obj
 .data          0x00102dcc       0x1e /mnt/c/Users/thato/Desktop/projects/OS/splongleOS/build/kernel/c/arch/i686/gdt.obj
                0x00102dcc                g_GDT
                0x00102de4                g_GDTDescriptor
 *fill*         0x00102dea        0x2 
 .data          0x00102dec        0x6 /mnt/c/Users/thato/Desktop/projects/OS/splongleOS/build/kernel/c/arch/i686/idt.obj
                0x00102dec                g_IDTDescriptor
 .data          0x00102df2        0x0 /mnt/c/Users/thato/Desktop/projects/OS/splongleOS/build/kernel/c/arch/i686/isr.obj
 .data          0x00102df2        0x0 /mnt/c/Users/thato/Desktop/projects/OS/splongleOS/build/kernel/c/arch/i686/isrs_gen.obj
 .data          0x00102df2        0x0 /mnt/c/Users/thato/Desktop/projects/OS/splongleOS/toolchain/i686-elf/bin/../lib/gcc/i686-elf/15.1.0/libgcc.a(_udivdi3.o)
 .data          0x00102df2        0x0 /mnt/c/Users/thato/Desktop/projects/OS/splongleOS/toolchain/i686-elf/bin/../lib/gcc/i686-elf/15.1.0/libgcc.a(_umoddi3.o)

.rodata         0x00102e00      0x3af
                0x00102e00                        __rodata_start = .
 *(.rodata)
 .rodata        0x00102e00       0x24 /mnt/c/Users/thato/Desktop/projects/OS/splongleOS/build/kernel/c/main.obj
 .rodata        0x00102e24       0x1d /mnt/c/Users/thato/Desktop/projects/OS/splongleOS/build/kernel/c/stdio.obj
                0x00102e24                SCREEN_WIDTH
                0x00102e28                SCREEN_HEIGHT
                0x00102e2c                DEFAULT_COLOR
                0x00102e30                g_HexChars
 *fill*         0x00102e41       0x1f 
 .rodata        0x00102e60      0x34f /mnt/c/Users/thato/Desktop/projects/OS/splongleOS/build/kernel/c/arch/i686/isr.obj

.multiboot      0x001031b0        0xd
 .multiboot     0x001031b0        0xd /mnt/c/Users/thato/Desktop/projects/OS/splongleOS/build/kernel/asm/multiboot_header.obj
                0x001031bc                multiboot_header

.eh_frame       0x001031c0       0xd8
 .eh_frame      0x001031c0       0x64 /mnt/c/Users/thato/Desktop/projects/OS/splongleOS/toolchain/i686-elf/bin/../lib/gcc/i686-elf/15.1.0/libgcc.a(_udivdi3.o)
 .eh_frame      0x00103224       0x74 /mnt/c/Users/thato/Desktop/projects/OS/splongleOS/toolchain/i686-elf/bin/../lib/gcc/i686-elf/15.1.0/libgcc.a(_umoddi3.o)

.bss            0x001032a0      0xc20
                0x001032a0                        __bss_start = .
 *(.bss)
 .bss           0x001032a0        0x0 /mnt/c/Users/thato/Desktop/projects/OS/splongleOS/build/kernel/c/main.obj
 .bss           0x001032a0        0x0 /mnt/c/Users/thato/Desktop/projects/OS/splongleOS/build/kernel/c/memory.obj
 .bss           0x001032a0        0x8 /mnt/c/Users/thato/Desktop/projects/OS/splongleOS/build/kernel/c/stdio.obj
                0x001032a0                g_ScreenX
                0x001032a4                g_ScreenY
 .bss           0x001032a8        0x0 /mnt/c/Users/thato/Desktop/projects/OS/splongleOS/build/kernel/c/hal/hal.obj
 .bss           0x001032a8        0x0 /mnt/c/Users/thato/Desktop/projects/OS/splongleOS/build/kernel/c/arch/i686/gdt.obj
 *fill*         0x001032a8       0x18 
 .bss           0x001032c0      0x800 /mnt/c/Users/thato/Desktop/projects/OS/splongleOS/build/kernel/c/arch/i686/idt.obj
                0x001032c0                g_IDT
 .bss           0x00103ac0      0x400 /mnt/c/Users/thato/Desktop/projects/OS/splongleOS/build/kernel/c/arch/i686/isr.obj
                0x00103ac0                g_ISRHandlers
 .bss           0x00103ec0        0x0 /mnt/c/Users/thato/Desktop/projects/OS/splongleOS/build/kernel/c/arch/i686/isrs_gen.obj
 .bss           0x00103ec0        0x0 /mnt/c/Users/thato/Desktop/projects/OS/splongleOS/toolchain/i686-elf/bin/../lib/gcc/i686-elf/15.1.0/libgcc.a(_udivdi3.o)
 .bss           0x00103ec0        0x0 /mnt/c/Users/thato/Desktop/projects/OS/splongleOS/toolchain/i686-elf/bin/../lib/gcc/i686-elf/15.1.0/libgcc.a(_umoddi3.o)
                0x00103ec0                        __end = .
OUTPUT(/mnt/c/Users/thato/Desktop/projects/OS/splongleOS/build/kernel.bin binary)

.debug_info     0x00000000     0x22ad
 .debug_info    0x00000000      0x126 /mnt/c/Users/thato/Desktop/projects/OS/splongleOS/build/kernel/c/main.obj
 .debug_info    0x00000126      0x1eb /mnt/c/Users/thato/Desktop/projects/OS/splongleOS/build/kernel/c/memory.obj
 .debug_info    0x00000311      0x4cb /mnt/c/Users/thato/Desktop/projects/OS/splongleOS/build/kernel/c/stdio.obj
 .debug_info    0x000007dc       0xa6 /mnt/c/Users/thato/Desktop/projects/OS/splongleOS/build/kernel/c/hal/hal.obj
 .debug_info    0x00000882      0x1f9 /mnt/c/Users/thato/Desktop/projects/OS/splongleOS/build/kernel/c/arch/i686/gdt.obj
 .debug_info    0x00000a7b      0x24d /mnt/c/Users/thato/Desktop/projects/OS/splongleOS/build/kernel/c/arch/i686/idt.obj
 .debug_info    0x00000cc8      0x25b /mnt/c/Users/thato/Desktop/projects/OS/splongleOS/build/kernel/c/arch/i686/isr.obj
 .debug_info    0x00000f23      0xd09 /mnt/c/Users/thato/Desktop/projects/OS/splongleOS/build/kernel/c/arch/i686/isrs_gen.obj
 .debug_info    0x00001c2c      0x331 /mnt/c/Users/thato/Desktop/projects/OS/splongleOS/toolchain/i686-elf/bin/../lib/gcc/i686-elf/15.1.0/libgcc.a(_udivdi3.o)
 .debug_info    0x00001f5d      0x350 /mnt/c/Users/thato/Desktop/projects/OS/splongleOS/toolchain/i686-elf/bin/../lib/gcc/i686-elf/15.1.0/libgcc.a(_umoddi3.o)

.debug_abbrev   0x00000000      0xa7c
 .debug_abbrev  0x00000000       0xeb /mnt/c/Users/thato/Desktop/projects/OS/splongleOS/build/kernel/c/main.obj
 .debug_abbrev  0x000000eb       0xe1 /mnt/c/Users/thato/Desktop/projects/OS/splongleOS/build/kernel/c/memory.obj
 .debug_abbrev  0x000001cc      0x18f /mnt/c/Users/thato/Desktop/projects/OS/splongleOS/build/kernel/c/stdio.obj
 .debug_abbrev  0x0000035b       0x5a /mnt/c/Users/thato/Desktop/projects/OS/splongleOS/build/kernel/c/hal/hal.obj
 .debug_abbrev  0x000003b5       0xdf /mnt/c/Users/thato/Desktop/projects/OS/splongleOS/build/kernel/c/arch/i686/gdt.obj
 .debug_abbrev  0x00000494      0x111 /mnt/c/Users/thato/Desktop/projects/OS/splongleOS/build/kernel/c/arch/i686/idt.obj
 .debug_abbrev  0x000005a5      0x14e /mnt/c/Users/thato/Desktop/projects/OS/splongleOS/build/kernel/c/arch/i686/isr.obj
 .debug_abbrev  0x000006f3       0xbf /mnt/c/Users/thato/Desktop/projects/OS/splongleOS/build/kernel/c/arch/i686/isrs_gen.obj
 .debug_abbrev  0x000007b2      0x15a /mnt/c/Users/thato/Desktop/projects/OS/splongleOS/toolchain/i686-elf/bin/../lib/gcc/i686-elf/15.1.0/libgcc.a(_udivdi3.o)
 .debug_abbrev  0x0000090c      0x170 /mnt/c/Users/thato/Desktop/projects/OS/splongleOS/toolchain/i686-elf/bin/../lib/gcc/i686-elf/15.1.0/libgcc.a(_umoddi3.o)

.debug_aranges  0x00000000      0x140
 .debug_aranges
                0x00000000       0x20 /mnt/c/Users/thato/Desktop/projects/OS/splongleOS/build/kernel/c/main.obj
 .debug_aranges
                0x00000020       0x20 /mnt/c/Users/thato/Desktop/projects/OS/splongleOS/build/kernel/c/memory.obj
 .debug_aranges
                0x00000040       0x20 /mnt/c/Users/thato/Desktop/projects/OS/splongleOS/build/kernel/c/stdio.obj
 .debug_aranges
                0x00000060       0x20 /mnt/c/Users/thato/Desktop/projects/OS/splongleOS/build/kernel/c/hal/hal.obj
 .debug_aranges
                0x00000080       0x20 /mnt/c/Users/thato/Desktop/projects/OS/splongleOS/build/kernel/c/arch/i686/gdt.obj
 .debug_aranges
                0x000000a0       0x20 /mnt/c/Users/thato/Desktop/projects/OS/splongleOS/build/kernel/c/arch/i686/idt.obj
 .debug_aranges
                0x000000c0       0x20 /mnt/c/Users/thato/Desktop/projects/OS/splongleOS/build/kernel/c/arch/i686/isr.obj
 .debug_aranges
                0x000000e0       0x20 /mnt/c/Users/thato/Desktop/projects/OS/splongleOS/build/kernel/c/arch/i686/isrs_gen.obj
 .debug_aranges
                0x00000100       0x20 /mnt/c/Users/thato/Desktop/projects/OS/splongleOS/toolchain/i686-elf/bin/../lib/gcc/i686-elf/15.1.0/libgcc.a(_udivdi3.o)
 .debug_aranges
                0x00000120       0x20 /mnt/c/Users/thato/Desktop/projects/OS/splongleOS/toolchain/i686-elf/bin/../lib/gcc/i686-elf/15.1.0/libgcc.a(_umoddi3.o)

.debug_rnglists
                0x00000000       0x5c
 .debug_rnglists
                0x00000000       0x13 /mnt/c/Users/thato/Desktop/projects/OS/splongleOS/build/kernel/c/main.obj
 .debug_rnglists
                0x00000013       0x2a /mnt/c/Users/thato/Desktop/projects/OS/splongleOS/toolchain/i686-elf/bin/../lib/gcc/i686-elf/15.1.0/libgcc.a(_udivdi3.o)
 .debug_rnglists
                0x0000003d       0x1f /mnt/c/Users/thato/Desktop/projects/OS/splongleOS/toolchain/i686-elf/bin/../lib/gcc/i686-elf/15.1.0/libgcc.a(_umoddi3.o)

.debug_line     0x00000000      0xca2
 .debug_line    0x00000000       0x70 /mnt/c/Users/thato/Desktop/projects/OS/splongleOS/build/kernel/c/main.obj
 .debug_line    0x00000070       0xd6 /mnt/c/Users/thato/Desktop/projects/OS/splongleOS/build/kernel/c/memory.obj
 .debug_line    0x00000146      0x396 /mnt/c/Users/thato/Desktop/projects/OS/splongleOS/build/kernel/c/stdio.obj
 .debug_line    0x000004dc       0x64 /mnt/c/Users/thato/Desktop/projects/OS/splongleOS/build/kernel/c/hal/hal.obj
 .debug_line    0x00000540       0x5c /mnt/c/Users/thato/Desktop/projects/OS/splongleOS/build/kernel/c/arch/i686/gdt.obj
 .debug_line    0x0000059c       0x8f /mnt/c/Users/thato/Desktop/projects/OS/splongleOS/build/kernel/c/arch/i686/idt.obj
 .debug_line    0x0000062b       0xcd /mnt/c/Users/thato/Desktop/projects/OS/splongleOS/build/kernel/c/arch/i686/isr.obj
 .debug_line    0x000006f8      0x25f /mnt/c/Users/thato/Desktop/projects/OS/splongleOS/build/kernel/c/arch/i686/isrs_gen.obj
 .debug_line    0x00000957      0x17b /mnt/c/Users/thato/Desktop/projects/OS/splongleOS/toolchain/i686-elf/bin/../lib/gcc/i686-elf/15.1.0/libgcc.a(_udivdi3.o)
 .debug_line    0x00000ad2      0x1d0 /mnt/c/Users/thato/Desktop/projects/OS/splongleOS/toolchain/i686-elf/bin/../lib/gcc/i686-elf/15.1.0/libgcc.a(_umoddi3.o)

.debug_str      0x00000000     0x1e24
 .debug_str     0x00000000      0x127 /mnt/c/Users/thato/Desktop/projects/OS/splongleOS/build/kernel/c/main.obj
 .debug_str     0x00000127      0x125 /mnt/c/Users/thato/Desktop/projects/OS/splongleOS/build/kernel/c/memory.obj
 .debug_str     0x0000024c      0x233 /mnt/c/Users/thato/Desktop/projects/OS/splongleOS/build/kernel/c/stdio.obj
 .debug_str     0x0000047f      0x114 /mnt/c/Users/thato/Desktop/projects/OS/splongleOS/build/kernel/c/hal/hal.obj
 .debug_str     0x00000593      0x305 /mnt/c/Users/thato/Desktop/projects/OS/splongleOS/build/kernel/c/arch/i686/gdt.obj
 .debug_str     0x00000898      0x297 /mnt/c/Users/thato/Desktop/projects/OS/splongleOS/build/kernel/c/arch/i686/idt.obj
 .debug_str     0x00000b2f      0x19d /mnt/c/Users/thato/Desktop/projects/OS/splongleOS/build/kernel/c/arch/i686/isr.obj
 .debug_str     0x00000ccc      0xd5e /mnt/c/Users/thato/Desktop/projects/OS/splongleOS/build/kernel/c/arch/i686/isrs_gen.obj
 .debug_str     0x00001a2a      0x1fd /mnt/c/Users/thato/Desktop/projects/OS/splongleOS/toolchain/i686-elf/bin/../lib/gcc/i686-elf/15.1.0/libgcc.a(_udivdi3.o)
 .debug_str     0x00001c27      0x1fd /mnt/c/Users/thato/Desktop/projects/OS/splongleOS/toolchain/i686-elf/bin/../lib/gcc/i686-elf/15.1.0/libgcc.a(_umoddi3.o)

.debug_line_str
                0x00000000      0xa83
 .debug_line_str
                0x00000000      0x11c /mnt/c/Users/thato/Desktop/projects/OS/splongleOS/build/kernel/c/main.obj
 .debug_line_str
                0x0000011c      0x107 /mnt/c/Users/thato/Desktop/projects/OS/splongleOS/build/kernel/c/memory.obj
 .debug_line_str
                0x00000223      0x11c /mnt/c/Users/thato/Desktop/projects/OS/splongleOS/build/kernel/c/stdio.obj
 .debug_line_str
                0x0000033f       0xb2 /mnt/c/Users/thato/Desktop/projects/OS/splongleOS/build/kernel/c/hal/hal.obj
 .debug_line_str
                0x000003f1      0x112 /mnt/c/Users/thato/Desktop/projects/OS/splongleOS/build/kernel/c/arch/i686/gdt.obj
 .debug_line_str
                0x00000503      0x118 /mnt/c/Users/thato/Desktop/projects/OS/splongleOS/build/kernel/c/arch/i686/idt.obj
 .debug_line_str
                0x0000061b      0x12d /mnt/c/Users/thato/Desktop/projects/OS/splongleOS/build/kernel/c/arch/i686/isr.obj
 .debug_line_str
                0x00000748      0x127 /mnt/c/Users/thato/Desktop/projects/OS/splongleOS/build/kernel/c/arch/i686/isrs_gen.obj
 .debug_line_str
                0x0000086f      0x10a /mnt/c/Users/thato/Desktop/projects/OS/splongleOS/toolchain/i686-elf/bin/../lib/gcc/i686-elf/15.1.0/libgcc.a(_udivdi3.o)
 .debug_line_str
                0x00000979      0x10a /mnt/c/Users/thato/Desktop/projects/OS/splongleOS/toolchain/i686-elf/bin/../lib/gcc/i686-elf/15.1.0/libgcc.a(_umoddi3.o)

.comment        0x00000000       0xbe
 .comment       0x00000000       0x13 /mnt/c/Users/thato/Desktop/projects/OS/splongleOS/build/kernel/c/main.obj
 .comment       0x00000013       0x13 /mnt/c/Users/thato/Desktop/projects/OS/splongleOS/build/kernel/c/memory.obj
 .comment       0x00000026       0x13 /mnt/c/Users/thato/Desktop/projects/OS/splongleOS/build/kernel/c/stdio.obj
 .comment       0x00000039       0x13 /mnt/c/Users/thato/Desktop/projects/OS/splongleOS/build/kernel/c/hal/hal.obj
 .comment       0x0000004c       0x13 /mnt/c/Users/thato/Desktop/projects/OS/splongleOS/build/kernel/c/arch/i686/gdt.obj
 .comment       0x0000005f       0x13 /mnt/c/Users/thato/Desktop/projects/OS/splongleOS/build/kernel/c/arch/i686/idt.obj
 .comment       0x00000072       0x13 /mnt/c/Users/thato/Desktop/projects/OS/splongleOS/build/kernel/c/arch/i686/isr.obj
 .comment       0x00000085       0x13 /mnt/c/Users/thato/Desktop/projects/OS/splongleOS/build/kernel/c/arch/i686/isrs_gen.obj
 .comment       0x00000098       0x13 /mnt/c/Users/thato/Desktop/projects/OS/splongleOS/toolchain/i686-elf/bin/../lib/gcc/i686-elf/15.1.0/libgcc.a(_udivdi3.o)
 .comment       0x000000ab       0x13 /mnt/c/Users/thato/Desktop/projects/OS/splongleOS/toolchain/i686-elf/bin/../lib/gcc/i686-elf/15.1.0/libgcc.a(_umoddi3.o)

.debug_frame    0x00000000      0x3c8
 .debug_frame   0x00000000       0x2c /mnt/c/Users/thato/Desktop/projects/OS/splongleOS/build/kernel/c/main.obj
 .debug_frame   0x0000002c       0x74 /mnt/c/Users/thato/Desktop/projects/OS/splongleOS/build/kernel/c/memory.obj
 .debug_frame   0x000000a0      0x198 /mnt/c/Users/thato/Desktop/projects/OS/splongleOS/build/kernel/c/stdio.obj
 .debug_frame   0x00000238       0x34 /mnt/c/Users/thato/Desktop/projects/OS/splongleOS/build/kernel/c/hal/hal.obj
 .debug_frame   0x0000026c       0x34 /mnt/c/Users/thato/Desktop/projects/OS/splongleOS/build/kernel/c/arch/i686/gdt.obj
 .debug_frame   0x000002a0       0x94 /mnt/c/Users/thato/Desktop/projects/OS/splongleOS/build/kernel/c/arch/i686/idt.obj
 .debug_frame   0x00000334       0x60 /mnt/c/Users/thato/Desktop/projects/OS/splongleOS/build/kernel/c/arch/i686/isr.obj
 .debug_frame   0x00000394       0x34 /mnt/c/Users/thato/Desktop/projects/OS/splongleOS/build/kernel/c/arch/i686/isrs_gen.obj

.debug_loclists
                0x00000000      0x940
 .debug_loclists
                0x00000000      0x4de /mnt/c/Users/thato/Desktop/projects/OS/splongleOS/toolchain/i686-elf/bin/../lib/gcc/i686-elf/15.1.0/libgcc.a(_udivdi3.o)
 .debug_loclists
                0x000004de      0x462 /mnt/c/Users/thato/Desktop/projects/OS/splongleOS/toolchain/i686-elf/bin/../lib/gcc/i686-elf/15.1.0/libgcc.a(_umoddi3.o)
