Archive member included to satisfy reference by file (symbol)

/mnt/c/Users/thato/Desktop/projects/OS/splongleOS/toolchain/i686-elf/bin/../lib/gcc/i686-elf/15.1.0/libgcc.a(_udivdi3.o)
                              /mnt/c/Users/thato/Desktop/projects/OS/splongleOS/build/stage2/c/stdio.obj (__udivdi3)
/mnt/c/Users/thato/Desktop/projects/OS/splongleOS/toolchain/i686-elf/bin/../lib/gcc/i686-elf/15.1.0/libgcc.a(_umoddi3.o)
                              /mnt/c/Users/thato/Desktop/projects/OS/splongleOS/build/stage2/c/stdio.obj (__umoddi3)

There are no discarded input sections

Memory Configuration

Name             Origin             Length             Attributes
*default*        0x00000000         0xffffffff

Linker script and memory map

LOAD /mnt/c/Users/thato/Desktop/projects/OS/splongleOS/build/stage2/asm/entry.obj
LOAD /mnt/c/Users/thato/Desktop/projects/OS/splongleOS/build/stage2/asm/x86.obj
LOAD /mnt/c/Users/thato/Desktop/projects/OS/splongleOS/build/stage2/c/ctype.obj
LOAD /mnt/c/Users/thato/Desktop/projects/OS/splongleOS/build/stage2/c/disk.obj
LOAD /mnt/c/Users/thato/Desktop/projects/OS/splongleOS/build/stage2/c/fat.obj
LOAD /mnt/c/Users/thato/Desktop/projects/OS/splongleOS/build/stage2/c/main.obj
LOAD /mnt/c/Users/thato/Desktop/projects/OS/splongleOS/build/stage2/c/memory.obj
LOAD /mnt/c/Users/thato/Desktop/projects/OS/splongleOS/build/stage2/c/stdio.obj
LOAD /mnt/c/Users/thato/Desktop/projects/OS/splongleOS/build/stage2/c/string.obj
LOAD /mnt/c/Users/thato/Desktop/projects/OS/splongleOS/toolchain/i686-elf/bin/../lib/gcc/i686-elf/15.1.0/libgcc.a
                0x00000500                        phys = 0x500
                0x00000500                        . = phys

.entry          0x00000500       0xc0
                0x00000500                        __entry_start = .
 *(.entry)
 .entry         0x00000500       0xc0 /mnt/c/Users/thato/Desktop/projects/OS/splongleOS/build/stage2/asm/entry.obj
                0x00000500                entry

.text           0x000005c0     0x1ae6
                0x000005c0                        __text_start = .
 *(.text)
 .text          0x000005c0      0x1a2 /mnt/c/Users/thato/Desktop/projects/OS/splongleOS/build/stage2/asm/x86.obj
                0x000005c0                x86_outb
                0x000005cb                x86_inb
                0x000005d4                x86_Disk_getDriveParams
                0x00000698                x86_Disk_Reset
                0x000006e4                x86_Disk_Read
 .text          0x00000762       0x55 /mnt/c/Users/thato/Desktop/projects/OS/splongleOS/build/stage2/c/ctype.obj
                0x00000762                islower
                0x0000078b                toupper
 .text          0x000007b7      0x199 /mnt/c/Users/thato/Desktop/projects/OS/splongleOS/build/stage2/c/disk.obj
                0x000007b7                DISK_initialize
                0x00000827                DISK_LBA2CHS
                0x000008b4                DISK_ReadSectors
 .text          0x00000950      0x9c4 /mnt/c/Users/thato/Desktop/projects/OS/splongleOS/build/stage2/c/fat.obj
                0x00000950                FAT_ReadBootSector
                0x0000096d                FAT_ReadFAT
                0x000009a1                FAT_Initialize
                0x00000bc9                FAT_ClusterToLba
                0x00000bea                FAT_OpenEntry
                0x00000d74                FAT_NextCluster
                0x00000dc1                FAT_Read
                0x00000fd8                FAT_ReadEntry
                0x00000ff9                FAT_Close
                0x00001047                FAT_FindFile
                0x000011c7                FAT_Open
 .text          0x00001314      0x156 /mnt/c/Users/thato/Desktop/projects/OS/splongleOS/build/stage2/c/main.obj
                0x00001314                start
 .text          0x0000146a       0xe3 /mnt/c/Users/thato/Desktop/projects/OS/splongleOS/build/stage2/c/memory.obj
                0x0000146a                memcpy
                0x000014b6                memset
                0x000014f3                memcmp
 .text          0x0000154d      0x846 /mnt/c/Users/thato/Desktop/projects/OS/splongleOS/build/stage2/c/stdio.obj
                0x0000154d                putchr
                0x0000157c                putcolor
                0x000015ae                getchr
                0x000015d0                getcolor
                0x000015f5                setcursor
                0x00001666                clrscr
                0x000016f4                scrollback
                0x000017e2                putc
                0x000018f2                puts
                0x00001921                printf_unsigned
                0x000019c5                printf_signed
                0x000019ee                printf
 .text          0x00001d93       0xb6 /mnt/c/Users/thato/Desktop/projects/OS/splongleOS/build/stage2/c/string.obj
                0x00001d93                strchr
                0x00001dd1                strcpy
                0x00001e23                strlen
 *fill*         0x00001e49        0x7 
 .text          0x00001e50      0x11a /mnt/c/Users/thato/Desktop/projects/OS/splongleOS/toolchain/i686-elf/bin/../lib/gcc/i686-elf/15.1.0/libgcc.a(_udivdi3.o)
                0x00001e50                __udivdi3
 *fill*         0x00001f6a        0x6 
 .text          0x00001f70      0x136 /mnt/c/Users/thato/Desktop/projects/OS/splongleOS/toolchain/i686-elf/bin/../lib/gcc/i686-elf/15.1.0/libgcc.a(_umoddi3.o)
                0x00001f70                __umoddi3

.data           0x000020a8        0xc
                0x000020a8                        __data_start = .
 *(.data)
 .data          0x000020a8        0x0 /mnt/c/Users/thato/Desktop/projects/OS/splongleOS/build/stage2/c/ctype.obj
 .data          0x000020a8        0x0 /mnt/c/Users/thato/Desktop/projects/OS/splongleOS/build/stage2/c/disk.obj
 .data          0x000020a8        0x0 /mnt/c/Users/thato/Desktop/projects/OS/splongleOS/build/stage2/c/fat.obj
 .data          0x000020a8        0x8 /mnt/c/Users/thato/Desktop/projects/OS/splongleOS/build/stage2/c/main.obj
                0x000020a8                kernelLoadBuffer
                0x000020ac                Kernel
 .data          0x000020b0        0x0 /mnt/c/Users/thato/Desktop/projects/OS/splongleOS/build/stage2/c/memory.obj
 .data          0x000020b0        0x4 /mnt/c/Users/thato/Desktop/projects/OS/splongleOS/build/stage2/c/stdio.obj
                0x000020b0                g_ScreenBuffer
 .data          0x000020b4        0x0 /mnt/c/Users/thato/Desktop/projects/OS/splongleOS/build/stage2/c/string.obj
 .data          0x000020b4        0x0 /mnt/c/Users/thato/Desktop/projects/OS/splongleOS/toolchain/i686-elf/bin/../lib/gcc/i686-elf/15.1.0/libgcc.a(_udivdi3.o)
 .data          0x000020b4        0x0 /mnt/c/Users/thato/Desktop/projects/OS/splongleOS/toolchain/i686-elf/bin/../lib/gcc/i686-elf/15.1.0/libgcc.a(_umoddi3.o)

.rodata         0x000020b4      0x215
                0x000020b4                        __rodata_start = .
 *(.rodata)
 .rodata        0x000020b4      0x119 /mnt/c/Users/thato/Desktop/projects/OS/splongleOS/build/stage2/c/fat.obj
 *fill*         0x000021cd        0x3 
 .rodata        0x000021d0       0xd9 /mnt/c/Users/thato/Desktop/projects/OS/splongleOS/build/stage2/c/main.obj
 *fill*         0x000022a9        0x3 
 .rodata        0x000022ac       0x1d /mnt/c/Users/thato/Desktop/projects/OS/splongleOS/build/stage2/c/stdio.obj
                0x000022ac                SCREEN_WIDTH
                0x000022b0                SCREEN_HEIGHT
                0x000022b4                DEFAULT_COLOR
                0x000022b8                g_HexChars

.eh_frame       0x000022cc       0xd8
 .eh_frame      0x000022cc       0x64 /mnt/c/Users/thato/Desktop/projects/OS/splongleOS/toolchain/i686-elf/bin/../lib/gcc/i686-elf/15.1.0/libgcc.a(_udivdi3.o)
 .eh_frame      0x00002330       0x74 /mnt/c/Users/thato/Desktop/projects/OS/splongleOS/toolchain/i686-elf/bin/../lib/gcc/i686-elf/15.1.0/libgcc.a(_umoddi3.o)

.bss            0x000023a4       0x14
                0x000023a4                        __bss_start = .
 *(.bss)
 .bss           0x000023a4        0x0 /mnt/c/Users/thato/Desktop/projects/OS/splongleOS/build/stage2/c/ctype.obj
 .bss           0x000023a4        0x0 /mnt/c/Users/thato/Desktop/projects/OS/splongleOS/build/stage2/c/disk.obj
 .bss           0x000023a4        0xc /mnt/c/Users/thato/Desktop/projects/OS/splongleOS/build/stage2/c/fat.obj
 .bss           0x000023b0        0x0 /mnt/c/Users/thato/Desktop/projects/OS/splongleOS/build/stage2/c/main.obj
 .bss           0x000023b0        0x0 /mnt/c/Users/thato/Desktop/projects/OS/splongleOS/build/stage2/c/memory.obj
 .bss           0x000023b0        0x8 /mnt/c/Users/thato/Desktop/projects/OS/splongleOS/build/stage2/c/stdio.obj
                0x000023b0                g_ScreenX
                0x000023b4                g_ScreenY
 .bss           0x000023b8        0x0 /mnt/c/Users/thato/Desktop/projects/OS/splongleOS/build/stage2/c/string.obj
 .bss           0x000023b8        0x0 /mnt/c/Users/thato/Desktop/projects/OS/splongleOS/toolchain/i686-elf/bin/../lib/gcc/i686-elf/15.1.0/libgcc.a(_udivdi3.o)
 .bss           0x000023b8        0x0 /mnt/c/Users/thato/Desktop/projects/OS/splongleOS/toolchain/i686-elf/bin/../lib/gcc/i686-elf/15.1.0/libgcc.a(_umoddi3.o)
                0x000023b8                        __end = .
OUTPUT(/mnt/c/Users/thato/Desktop/projects/OS/splongleOS/build/stage2.bin binary)

.debug_info     0x00000000     0x1e12
 .debug_info    0x00000000       0x83 /mnt/c/Users/thato/Desktop/projects/OS/splongleOS/build/stage2/c/ctype.obj
 .debug_info    0x00000083      0x2b1 /mnt/c/Users/thato/Desktop/projects/OS/splongleOS/build/stage2/c/disk.obj
 .debug_info    0x00000334      0x9b6 /mnt/c/Users/thato/Desktop/projects/OS/splongleOS/build/stage2/c/fat.obj
 .debug_info    0x00000cea      0x2bf /mnt/c/Users/thato/Desktop/projects/OS/splongleOS/build/stage2/c/main.obj
 .debug_info    0x00000fa9      0x1eb /mnt/c/Users/thato/Desktop/projects/OS/splongleOS/build/stage2/c/memory.obj
 .debug_info    0x00001194      0x4cb /mnt/c/Users/thato/Desktop/projects/OS/splongleOS/build/stage2/c/stdio.obj
 .debug_info    0x0000165f      0x132 /mnt/c/Users/thato/Desktop/projects/OS/splongleOS/build/stage2/c/string.obj
 .debug_info    0x00001791      0x331 /mnt/c/Users/thato/Desktop/projects/OS/splongleOS/toolchain/i686-elf/bin/../lib/gcc/i686-elf/15.1.0/libgcc.a(_udivdi3.o)
 .debug_info    0x00001ac2      0x350 /mnt/c/Users/thato/Desktop/projects/OS/splongleOS/toolchain/i686-elf/bin/../lib/gcc/i686-elf/15.1.0/libgcc.a(_umoddi3.o)

.debug_abbrev   0x00000000      0xb29
 .debug_abbrev  0x00000000       0x6d /mnt/c/Users/thato/Desktop/projects/OS/splongleOS/build/stage2/c/ctype.obj
 .debug_abbrev  0x0000006d      0x140 /mnt/c/Users/thato/Desktop/projects/OS/splongleOS/build/stage2/c/disk.obj
 .debug_abbrev  0x000001ad      0x24e /mnt/c/Users/thato/Desktop/projects/OS/splongleOS/build/stage2/c/fat.obj
 .debug_abbrev  0x000003fb      0x14c /mnt/c/Users/thato/Desktop/projects/OS/splongleOS/build/stage2/c/main.obj
 .debug_abbrev  0x00000547       0xe1 /mnt/c/Users/thato/Desktop/projects/OS/splongleOS/build/stage2/c/memory.obj
 .debug_abbrev  0x00000628      0x18f /mnt/c/Users/thato/Desktop/projects/OS/splongleOS/build/stage2/c/stdio.obj
 .debug_abbrev  0x000007b7       0xa8 /mnt/c/Users/thato/Desktop/projects/OS/splongleOS/build/stage2/c/string.obj
 .debug_abbrev  0x0000085f      0x15a /mnt/c/Users/thato/Desktop/projects/OS/splongleOS/toolchain/i686-elf/bin/../lib/gcc/i686-elf/15.1.0/libgcc.a(_udivdi3.o)
 .debug_abbrev  0x000009b9      0x170 /mnt/c/Users/thato/Desktop/projects/OS/splongleOS/toolchain/i686-elf/bin/../lib/gcc/i686-elf/15.1.0/libgcc.a(_umoddi3.o)

.debug_aranges  0x00000000      0x120
 .debug_aranges
                0x00000000       0x20 /mnt/c/Users/thato/Desktop/projects/OS/splongleOS/build/stage2/c/ctype.obj
 .debug_aranges
                0x00000020       0x20 /mnt/c/Users/thato/Desktop/projects/OS/splongleOS/build/stage2/c/disk.obj
 .debug_aranges
                0x00000040       0x20 /mnt/c/Users/thato/Desktop/projects/OS/splongleOS/build/stage2/c/fat.obj
 .debug_aranges
                0x00000060       0x20 /mnt/c/Users/thato/Desktop/projects/OS/splongleOS/build/stage2/c/main.obj
 .debug_aranges
                0x00000080       0x20 /mnt/c/Users/thato/Desktop/projects/OS/splongleOS/build/stage2/c/memory.obj
 .debug_aranges
                0x000000a0       0x20 /mnt/c/Users/thato/Desktop/projects/OS/splongleOS/build/stage2/c/stdio.obj
 .debug_aranges
                0x000000c0       0x20 /mnt/c/Users/thato/Desktop/projects/OS/splongleOS/build/stage2/c/string.obj
 .debug_aranges
                0x000000e0       0x20 /mnt/c/Users/thato/Desktop/projects/OS/splongleOS/toolchain/i686-elf/bin/../lib/gcc/i686-elf/15.1.0/libgcc.a(_udivdi3.o)
 .debug_aranges
                0x00000100       0x20 /mnt/c/Users/thato/Desktop/projects/OS/splongleOS/toolchain/i686-elf/bin/../lib/gcc/i686-elf/15.1.0/libgcc.a(_umoddi3.o)

.debug_line     0x00000000      0xf98
 .debug_line    0x00000000       0x83 /mnt/c/Users/thato/Desktop/projects/OS/splongleOS/build/stage2/c/ctype.obj
 .debug_line    0x00000083       0xf4 /mnt/c/Users/thato/Desktop/projects/OS/splongleOS/build/stage2/c/disk.obj
 .debug_line    0x00000177      0x517 /mnt/c/Users/thato/Desktop/projects/OS/splongleOS/build/stage2/c/fat.obj
 .debug_line    0x0000068e       0xca /mnt/c/Users/thato/Desktop/projects/OS/splongleOS/build/stage2/c/main.obj
 .debug_line    0x00000758       0xd6 /mnt/c/Users/thato/Desktop/projects/OS/splongleOS/build/stage2/c/memory.obj
 .debug_line    0x0000082e      0x382 /mnt/c/Users/thato/Desktop/projects/OS/splongleOS/build/stage2/c/stdio.obj
 .debug_line    0x00000bb0       0x9d /mnt/c/Users/thato/Desktop/projects/OS/splongleOS/build/stage2/c/string.obj
 .debug_line    0x00000c4d      0x17b /mnt/c/Users/thato/Desktop/projects/OS/splongleOS/toolchain/i686-elf/bin/../lib/gcc/i686-elf/15.1.0/libgcc.a(_udivdi3.o)
 .debug_line    0x00000dc8      0x1d0 /mnt/c/Users/thato/Desktop/projects/OS/splongleOS/toolchain/i686-elf/bin/../lib/gcc/i686-elf/15.1.0/libgcc.a(_umoddi3.o)

.debug_str      0x00000000     0x123a
 .debug_str     0x00000000       0x66 /mnt/c/Users/thato/Desktop/projects/OS/splongleOS/build/stage2/c/ctype.obj
 .debug_str     0x00000066      0x1ca /mnt/c/Users/thato/Desktop/projects/OS/splongleOS/build/stage2/c/disk.obj
 .debug_str     0x00000230      0x5e5 /mnt/c/Users/thato/Desktop/projects/OS/splongleOS/build/stage2/c/fat.obj
 .debug_str     0x00000815      0x1e2 /mnt/c/Users/thato/Desktop/projects/OS/splongleOS/build/stage2/c/main.obj
 .debug_str     0x000009f7      0x125 /mnt/c/Users/thato/Desktop/projects/OS/splongleOS/build/stage2/c/memory.obj
 .debug_str     0x00000b1c      0x233 /mnt/c/Users/thato/Desktop/projects/OS/splongleOS/build/stage2/c/stdio.obj
 .debug_str     0x00000d4f       0xf1 /mnt/c/Users/thato/Desktop/projects/OS/splongleOS/build/stage2/c/string.obj
 .debug_str     0x00000e40      0x1fd /mnt/c/Users/thato/Desktop/projects/OS/splongleOS/toolchain/i686-elf/bin/../lib/gcc/i686-elf/15.1.0/libgcc.a(_udivdi3.o)
 .debug_str     0x0000103d      0x1fd /mnt/c/Users/thato/Desktop/projects/OS/splongleOS/toolchain/i686-elf/bin/../lib/gcc/i686-elf/15.1.0/libgcc.a(_umoddi3.o)

.debug_line_str
                0x00000000      0x8f5
 .debug_line_str
                0x00000000       0x9c /mnt/c/Users/thato/Desktop/projects/OS/splongleOS/build/stage2/c/ctype.obj
 .debug_line_str
                0x0000009c      0x118 /mnt/c/Users/thato/Desktop/projects/OS/splongleOS/build/stage2/c/disk.obj
 .debug_line_str
                0x000001b4      0x137 /mnt/c/Users/thato/Desktop/projects/OS/splongleOS/build/stage2/c/fat.obj
 .debug_line_str
                0x000002eb      0x129 /mnt/c/Users/thato/Desktop/projects/OS/splongleOS/build/stage2/c/main.obj
 .debug_line_str
                0x00000414      0x111 /mnt/c/Users/thato/Desktop/projects/OS/splongleOS/build/stage2/c/memory.obj
 .debug_line_str
                0x00000525      0x11d /mnt/c/Users/thato/Desktop/projects/OS/splongleOS/build/stage2/c/stdio.obj
 .debug_line_str
                0x00000642       0x9f /mnt/c/Users/thato/Desktop/projects/OS/splongleOS/build/stage2/c/string.obj
 .debug_line_str
                0x000006e1      0x10a /mnt/c/Users/thato/Desktop/projects/OS/splongleOS/toolchain/i686-elf/bin/../lib/gcc/i686-elf/15.1.0/libgcc.a(_udivdi3.o)
 .debug_line_str
                0x000007eb      0x10a /mnt/c/Users/thato/Desktop/projects/OS/splongleOS/toolchain/i686-elf/bin/../lib/gcc/i686-elf/15.1.0/libgcc.a(_umoddi3.o)

.comment        0x00000000       0xab
 .comment       0x00000000       0x13 /mnt/c/Users/thato/Desktop/projects/OS/splongleOS/build/stage2/c/ctype.obj
 .comment       0x00000013       0x13 /mnt/c/Users/thato/Desktop/projects/OS/splongleOS/build/stage2/c/disk.obj
 .comment       0x00000026       0x13 /mnt/c/Users/thato/Desktop/projects/OS/splongleOS/build/stage2/c/fat.obj
 .comment       0x00000039       0x13 /mnt/c/Users/thato/Desktop/projects/OS/splongleOS/build/stage2/c/main.obj
 .comment       0x0000004c       0x13 /mnt/c/Users/thato/Desktop/projects/OS/splongleOS/build/stage2/c/memory.obj
 .comment       0x0000005f       0x13 /mnt/c/Users/thato/Desktop/projects/OS/splongleOS/build/stage2/c/stdio.obj
 .comment       0x00000072       0x13 /mnt/c/Users/thato/Desktop/projects/OS/splongleOS/build/stage2/c/string.obj
 .comment       0x00000085       0x13 /mnt/c/Users/thato/Desktop/projects/OS/splongleOS/toolchain/i686-elf/bin/../lib/gcc/i686-elf/15.1.0/libgcc.a(_udivdi3.o)
 .comment       0x00000098       0x13 /mnt/c/Users/thato/Desktop/projects/OS/splongleOS/toolchain/i686-elf/bin/../lib/gcc/i686-elf/15.1.0/libgcc.a(_umoddi3.o)

.debug_frame    0x00000000      0x504
 .debug_frame   0x00000000       0x54 /mnt/c/Users/thato/Desktop/projects/OS/splongleOS/build/stage2/c/ctype.obj
 .debug_frame   0x00000054       0x80 /mnt/c/Users/thato/Desktop/projects/OS/splongleOS/build/stage2/c/disk.obj
 .debug_frame   0x000000d4      0x184 /mnt/c/Users/thato/Desktop/projects/OS/splongleOS/build/stage2/c/fat.obj
 .debug_frame   0x00000258       0x2c /mnt/c/Users/thato/Desktop/projects/OS/splongleOS/build/stage2/c/main.obj
 .debug_frame   0x00000284       0x74 /mnt/c/Users/thato/Desktop/projects/OS/splongleOS/build/stage2/c/memory.obj
 .debug_frame   0x000002f8      0x198 /mnt/c/Users/thato/Desktop/projects/OS/splongleOS/build/stage2/c/stdio.obj
 .debug_frame   0x00000490       0x74 /mnt/c/Users/thato/Desktop/projects/OS/splongleOS/build/stage2/c/string.obj

.debug_loclists
                0x00000000      0x940
 .debug_loclists
                0x00000000      0x4de /mnt/c/Users/thato/Desktop/projects/OS/splongleOS/toolchain/i686-elf/bin/../lib/gcc/i686-elf/15.1.0/libgcc.a(_udivdi3.o)
 .debug_loclists
                0x000004de      0x462 /mnt/c/Users/thato/Desktop/projects/OS/splongleOS/toolchain/i686-elf/bin/../lib/gcc/i686-elf/15.1.0/libgcc.a(_umoddi3.o)

.debug_rnglists
                0x00000000       0x49
 .debug_rnglists
                0x00000000       0x2a /mnt/c/Users/thato/Desktop/projects/OS/splongleOS/toolchain/i686-elf/bin/../lib/gcc/i686-elf/15.1.0/libgcc.a(_udivdi3.o)
 .debug_rnglists
                0x0000002a       0x1f /mnt/c/Users/thato/Desktop/projects/OS/splongleOS/toolchain/i686-elf/bin/../lib/gcc/i686-elf/15.1.0/libgcc.a(_umoddi3.o)
